Microchip MPLAB XC8 Compiler V1.10 ()

Linker command line:

--edf=C:\Program Files\Microchip\xc8\v1.10\dat\en_msgs.txt -cs \
  -h+AquaTempFan.sym -z -Q16F88 -ol.obj -MAquaTempFan.map -E1 -ver=XC8 \
  -ACONST=00h-0FFhx16 -ACODE=00h-07FFhx2 -ASTRCODE=00h-0FFFh \
  -AENTRY=00h-0FFhx16 -ASTRING=00h-0FFhx16 -ACOMMON=070h-07Fh \
  -ABANK0=020h-06Fh -ABANK1=0A0h-0EFh -ABANK2=0110h-016Fh \
  -ABANK3=0190h-01EFh -ARAM=020h-06Fh,0A0h-0EFh,0110h-016Fh,0190h-01EFh \
  -AABS1=020h-07Fh,0A0h-0EFh,0110h-016Fh,0190h-01EFh -ASFR0=00h-01Fh \
  -ASFR1=080h-09Fh -ASFR2=0100h-010Fh -ASFR3=0180h-018Fh \
  -preset_vec=00h,intentry=04h,init,end_init -ppowerup=CODE -pfunctab=CODE \
  -ACONFIG=02007h-02008h -pconfig=CONFIG -DCONFIG=2 -AIDLOC=02000h-02003h \
  -pidloc=IDLOC -DIDLOC=2 -AEEDATA=00h-0FFh/02100h -peeprom_data=EEDATA \
  -DEEDATA=2 -DCODE=2 -DSTRCODE=2 -DSTRING=2 -DCONST=2 -DENTRY=2 -k \
  C:\DOCUME~1\Owner\LOCALS~1\Temp\s49c.obj AquaTempFan.obj 

Object code version is 3.10

Machine type is 16F88



                Name                               Link     Load   Length Selector   Space Scale
C:\DOCUME~1\Owner\LOCALS~1\Temp\s49c.obj
                end_init                             11       11        2        8       0
                reset_vec                             0        0        2        0       0
                config                             2007     2007        2     400E       0
AquaTempFan.obj intentry                              4        4        D        8       0
                text757                             C97      C97       7D     192E       0
                text756                             F58      F58       A8     1EB0       0
                text755                             E2A      E2A       92     1C54       0
                text754                             776      776       8A        8       0
                text753                             D9D      D9D       8D     1B3A       0
                text752                             B0D      B0D       2E     161A       0
                text751                             EBC      EBC       9C     1D78       0
                text750                             582      582      114        8       0
                text749                             696      696       E0        8       0
                text748                             413      413      16F        8       0
                text747                             C4B      C4B       4C     1896       0
                text746                             C0C      C0C       3F     1818       0
                text745                             B9C      B9C       34     1738       0
                text744                             AE0      AE0       2D     15C0       0
                text743                             244      244      1CF        8       0
                text742                             B3B      B3B       30     1676       0
                text741                             D14      D14       89     1A28       0
                text740                             A7E      A7E       1B     14FC       0
                text739                             A5D      A5D        8     14BA       0
                text738                             BD0      BD0       3C     17A0       0
                text737                             B6B      B6B       31     16D6       0
                maintext                             13       13      231        8       0
                cstackBANK0                          20       20       4A       20       1
                cstackCOMMON                         75       75        5       70       1
                cstackBANK1                          E0       E0        B       A0       1
                inittext                            A6D      A6D       11     14DA       0
                clrtext                             A65      A65        8     14CA       0
                dataBANK3                           190      190       22      190       1
                bssBANK3                            1B2      1B2       21      190       1
                bssBANK1                             A0       A0       40       A0       1
                bssBANK0                             6A       6A        4       20       1
                bssCOMMON                            70       70        5       70       1
                cinit                               ABB      ABB       25     1576       0
                strings                             800      800       54     1000       0
                idataBANK3                          A99      A99       22     1532       0

TOTAL           Name                               Link     Load   Length     Space
        CLASS   CONST          

        CLASS   CODE           
                end_init                             11       11        2         0
                intentry                              4        4        D         0
                reset_vec                             0        0        2         0
                text757                             C97      C97       7D         0
                text756                             F58      F58       A8         0
                text755                             E2A      E2A       92         0
                text754                             776      776       8A         0
                text753                             D9D      D9D       8D         0
                text752                             B0D      B0D       2E         0
                text751                             EBC      EBC       9C         0
                text750                             582      582      114         0
                text749                             696      696       E0         0
                text748                             413      413      16F         0
                text747                             C4B      C4B       4C         0
                text746                             C0C      C0C       3F         0
                text745                             B9C      B9C       34         0
                text744                             AE0      AE0       2D         0
                text743                             244      244      1CF         0
                text742                             B3B      B3B       30         0
                text741                             D14      D14       89         0
                text740                             A7E      A7E       1B         0
                text739                             A5D      A5D        8         0
                text738                             BD0      BD0       3C         0
                text737                             B6B      B6B       31         0
                maintext                             13       13      231         0
                inittext                            A6D      A6D       11         0
                clrtext                             A65      A65        8         0
                cinit                               ABB      ABB       25         0
                idataBANK3                          A99      A99       22         0

        CLASS   STRCODE        

        CLASS   ENTRY          

        CLASS   STRING         
                strings                             800      800       54         0

        CLASS   COMMON         
                cstackCOMMON                         75       75        5         1
                bssCOMMON                            70       70        5         1

        CLASS   BANK0          
                cstackBANK0                          20       20       4A         1
                bssBANK0                             6A       6A        4         1

        CLASS   BANK1          
                cstackBANK1                          E0       E0        B         1
                bssBANK1                             A0       A0       40         1

        CLASS   BANK2          

        CLASS   BANK3          
                dataBANK3                           190      190       22         1
                bssBANK3                            1B2      1B2       21         1

        CLASS   RAM            

        CLASS   ABS1           
                abs_s1                               7E       7E        2         1

        CLASS   SFR0           

        CLASS   SFR1           

        CLASS   SFR2           

        CLASS   SFR3           

        CLASS   CONFIG         
                config                             2007     2007        2         0

        CLASS   IDLOC          

        CLASS   EEDATA         



SEGMENTS        Name                           Load    Length   Top    Selector   Space  Class     Delta

                reset_vec                      000000  000002  000002         0       0  CODE        2
                intentry                       000004  0007FC  000800         8       0  CODE        2
                cstackBANK0                    000020  00004E  00006E        20       1  BANK0       1
                bssCOMMON                      000070  00000A  00007A        70       1  COMMON      1
                bssBANK1                       0000A0  00004B  0000EB        A0       1  BANK1       1
                dataBANK3                      000190  000043  0001D3       190       1  BANK3       1
                strings                        000800  000054  000854      1000       0  STRING      2
                text739                        000A5D  000008  000A65      14BA       0  CODE        2
                clrtext                        000A65  000008  000A6D      14CA       0  CODE        2
                inittext                       000A6D  000011  000A7E      14DA       0  CODE        2
                text740                        000A7E  00001B  000A99      14FC       0  CODE        2
                idataBANK3                     000A99  000022  000ABB      1532       0  CODE        2
                cinit                          000ABB  000025  000AE0      1576       0  CODE        2
                text744                        000AE0  00002D  000B0D      15C0       0  CODE        2
                text752                        000B0D  00002E  000B3B      161A       0  CODE        2
                text742                        000B3B  000030  000B6B      1676       0  CODE        2
                text737                        000B6B  000031  000B9C      16D6       0  CODE        2
                text745                        000B9C  000034  000BD0      1738       0  CODE        2
                text738                        000BD0  00003C  000C0C      17A0       0  CODE        2
                text746                        000C0C  00003F  000C4B      1818       0  CODE        2
                text747                        000C4B  00004C  000C97      1896       0  CODE        2
                text757                        000C97  00007D  000D14      192E       0  CODE        2
                text741                        000D14  000089  000D9D      1A28       0  CODE        2
                text753                        000D9D  00008D  000E2A      1B3A       0  CODE        2
                text755                        000E2A  000092  000EBC      1C54       0  CODE        2
                text751                        000EBC  00009C  000F58      1D78       0  CODE        2
                text756                        000F58  0000A8  001000      1EB0       0  CODE        2
                config                         002007  000002  002009      400E       0  CONFIG      2


UNUSED ADDRESS RANGES

        Name                Unused          Largest block    Delta
        BANK0            006E-006F              2           1
        BANK1            00EB-00EF              5           1
        BANK2            0110-016F             60           1
        BANK3            01D3-01EF             1D           1
        CODE             0002-0003              2           2
                         0854-0A5C            209
        COMMON           007A-007D              4           1
        CONST            0002-0003              2           2
                         0854-0A5C            100
        EEDATA           2100-21FF            100           2
        ENTRY            0002-0003              2           2
                         0854-0A5C            100
        IDLOC            2000-2003              4           2
        RAM              006E-006F              2           1
                         00EB-00EF              5
                         0110-016F             60
                         01D3-01EF             1D
        SFR0             0000-001F             20           1
        SFR1             0080-009F             20           1
        SFR2             0100-010F             10           1
        SFR3             0180-018F             10           1
        STRCODE          0002-0003              2           2
                         0854-0A5C            209
        STRING           0002-0003              2           2
                         0854-0A5C            100

                                  Symbol Table

?_DoubletoAscii          cstackBANK0  0060
?_Power                  cstackBANK0  002D
?___aldiv                cstackBANK0  0038
?___almod                cstackBANK0  0038
?___awtofl               cstackBANK0  002A
?___fladd                cstackBANK0  0045
?___fldiv                cstackBANK0  002A
?___flge                 cstackBANK0  0020
?___flmul                cstackBANK0  0031
?___flpack               cstackBANK0  0020
?___fltol                cstackBANK0  0055
?___lmul                 cstackBANK0  0020
?_strcat                 cstackBANK0  0020
?_strcpy                 cstackBANK0  0020
Adc_init@i               cstackBANK0  0021
DoubletoAscii@ascii      cstackBANK0  0064
DoubletoAscii@data       cstackBANK0  0060
DoubletoAscii@databuf    cstackBANK1  00E1
DoubletoAscii@dec        cstackBANK1  00E4
DoubletoAscii@flg        cstackBANK1  00E0
DoubletoAscii@i          cstackBANK1  00E5
DoubletoAscii@int_data   cstackBANK1  00E2
Power@data               cstackBANK0  002D
Power@i                  cstackBANK0  0033
Power@num                cstackBANK0  0031
Power@result             cstackBANK0  0034
_ADCON0                  (abs)        001F
_ADCON1                  (abs)        009F
_ADC_DATA_BUF            bssCOMMON    0073
_ADIE                    (abs)        0466
_ADIF                    (abs)        0066
_ADON                    (abs)        00F8
_ADRESH                  (abs)        001E
_ADRESL                  (abs)        009E
_ANSEL                   (abs)        009B
_AdcDataGetFlag          bssBANK1     00BA
_Adc_Buf                 bssBANK1     00A0
_Adc_Data                bssBANK1     00B8
_Adc_data                bssBANK1     00DE
_Adc_init                text738      0BD0
_Adc_point               bssBANK1     00BB
_CCP1IE                  (abs)        0462
_ConvertStep             bssCOMMON    0070
_Cycle_Unit              bssCOMMON    0071
_DoubletoAscii           text743      0244
_Downside_Data           bssBANK1     00BC
_GIE                     (abs)        005F
_GO_nDONE                (abs)        00FA
_INT0IE                  (abs)        005C
_INT0IF                  (abs)        0059
_INTEDG                  (abs)        040E
_OSCCON                  (abs)        008F
_PEIE                    (abs)        005E
_PIR1                    (abs)        000C
_PORTA                   (abs)        0005
_PORTB                   (abs)        0006
_PS0                     (abs)        0408
_PS1                     (abs)        0409
_PS2                     (abs)        040A
_PSA                     (abs)        040B
_Power                   text746      0C0C
_RB0                     (abs)        0030
_RB2                     (abs)        0032
_RB3                     (abs)        0033
_RB5                     (abs)        0035
_RBIE                    (abs)        005B
_RBIF                    (abs)        0058
_RCIE                    (abs)        0465
_Rly_str                 dataBANK3    0190
_SSPIE                   (abs)        0463
_T05_Counter             bssCOMMON    0072
_T0CS                    (abs)        040D
_T0SE                    (abs)        040C
_T1_Counter              bssBANK0     006A
_TMR0                    (abs)        0001
_TMR0IE                  (abs)        005D
_TMR0IF                  (abs)        005A
_TMR1IE                  (abs)        0460
_TMR2IE                  (abs)        0461
_TRISA                   (abs)        0085
_TRISB                   (abs)        0086
_TXIE                    (abs)        0464
_Temp                    bssBANK1     00B4
_Upside_Data             bssBANK1     00CD
_Vfd_Data                bssBANK3     01B2
__CFG_BOREN$OFF          (abs)        0000
__CFG_FOSC$INTOSCIO      (abs)        0000
__CFG_IESO$OFF           (abs)        0000
__CFG_LVP$OFF            (abs)        0000
__CFG_MCLRE$OFF          (abs)        0000
__CFG_PWRTE$ON           (abs)        0000
__CFG_WDTE$OFF           (abs)        0000
__Habs1                  abs1         0000
__Hbank0                 bank0        0000
__Hbank1                 bank1        0000
__Hbank2                 bank2        0000
__Hbank3                 bank3        0000
__HbssBANK0              bssBANK0     0000
__HbssBANK1              bssBANK1     0000
__HbssBANK3              bssBANK3     0000
__HbssCOMMON             bssCOMMON    0000
__Hcinit                 cinit        0000
__Hclrtext               clrtext      0000
__Hcode                  code         0000
__Hcommon                common       0000
__Hconfig                config       2009
__HcstackBANK0           cstackBANK0  0000
__HcstackBANK1           cstackBANK1  0000
__HcstackCOMMON          cstackCOMMON 0000
__HdataBANK3             dataBANK3    0000
__Heeprom_data           eeprom_data  0000
__Hend_init              end_init     0013
__Hfunctab               functab      0000
__HidataBANK3            idataBANK3   0000
__Hidloc                 idloc        0000
__Hinit                  init         0011
__Hinittext              inittext     0000
__Hintentry              intentry     0011
__Hmaintext              maintext     0000
__Hpowerup               powerup      0000
__Hram                   ram          0000
__Hreset_vec             reset_vec    0002
__Hsfr0                  sfr0         0000
__Hsfr1                  sfr1         0000
__Hsfr2                  sfr2         0000
__Hsfr3                  sfr3         0000
__Hstrings               strings      0000
__Htext                  text         0000
__Labs1                  abs1         0000
__Lbank0                 bank0        0000
__Lbank1                 bank1        0000
__Lbank2                 bank2        0000
__Lbank3                 bank3        0000
__LbssBANK0              bssBANK0     0000
__LbssBANK1              bssBANK1     0000
__LbssBANK3              bssBANK3     0000
__LbssCOMMON             bssCOMMON    0000
__Lcinit                 cinit        0000
__Lclrtext               clrtext      0000
__Lcode                  code         0000
__Lcommon                common       0000
__Lconfig                config       2007
__LcstackBANK0           cstackBANK0  0000
__LcstackBANK1           cstackBANK1  0000
__LcstackCOMMON          cstackCOMMON 0000
__LdataBANK3             dataBANK3    0000
__Leeprom_data           eeprom_data  0000
__Lend_init              end_init     0011
__Lfunctab               functab      0000
__LidataBANK3            idataBANK3   0000
__Lidloc                 idloc        0000
__Linit                  init         0011
__Linittext              inittext     0000
__Lintentry              intentry     0004
__Lmaintext              maintext     0000
__Lpowerup               powerup      0000
__Lram                   ram          0000
__Lreset_vec             reset_vec    0000
__Lsfr0                  sfr0         0000
__Lsfr1                  sfr1         0000
__Lsfr2                  sfr2         0000
__Lsfr3                  sfr3         0000
__Lstrings               strings      0000
__Ltext                  text         0000
__S0                     (abs)        2009
__S1                     (abs)        01D3
__S2                     (abs)        0000
___aldiv                 text756      0F58
___aldiv@counter         cstackBANK0  0041
___aldiv@dividend        cstackBANK0  003C
___aldiv@divisor         cstackBANK0  0038
___aldiv@quotient        cstackBANK0  0043
___aldiv@sign            cstackBANK0  0042
___almod                 text755      0E2A
___almod@counter         cstackBANK0  0041
___almod@dividend        cstackBANK0  003C
___almod@divisor         cstackBANK0  0038
___almod@sign            cstackBANK0  0042
___awtofl                text752      0B0D
___awtofl@c              cstackBANK0  002A
___awtofl@sign           cstackBANK0  0030
___fladd                 text748      0413
___fladd@exp1            cstackBANK0  0054
___fladd@exp2            cstackBANK0  0053
___fladd@f1              cstackBANK0  0045
___fladd@f2              cstackBANK0  0049
___fladd@sign            cstackBANK0  0052
___fldiv                 text749      0696
___fldiv@cntr            cstackBANK0  003B
___fldiv@exp             cstackBANK0  003C
___fldiv@f1              cstackBANK0  002E
___fldiv@f2              cstackBANK0  002A
___fldiv@f3              cstackBANK0  0037
___fldiv@sign            cstackBANK0  003D
___flge                  text754      0776
___flge@ff1              cstackBANK0  0020
___flge@ff2              cstackBANK0  0024
___flmul                 text750      0582
___flmul@cntr            cstackBANK0  0043
___flmul@exp             cstackBANK0  003E
___flmul@f1              cstackBANK0  0031
___flmul@f2              cstackBANK0  0035
___flmul@f3_as_product   cstackBANK0  003F
___flmul@sign            cstackBANK0  0044
___flpack                text753      0D9D
___flpack@arg            cstackBANK0  0020
___flpack@exp            cstackBANK0  0024
___flpack@sign           cstackBANK0  0025
___fltol                 text751      0EBC
___fltol@exp1            cstackBANK0  005F
___fltol@f1              cstackBANK0  0055
___fltol@sign1           cstackBANK0  005E
___lmul                  text747      0C4B
___lmul@multiplicand     cstackBANK0  0024
___lmul@multiplier       cstackBANK0  0020
___lmul@product          cstackBANK0  0029
__end_of_Adc_init        text738      0C0C
__end_of_DoubletoAscii   text743      0413
__end_of_Power           text746      0C4B
__end_of___aldiv         text756      1000
__end_of___almod         text755      0EBC
__end_of___awtofl        text752      0B3B
__end_of___fladd         text748      0582
__end_of___fldiv         text749      0776
__end_of___flge          text754      0800
__end_of___flmul         text750      0696
__end_of___flpack        text753      0E2A
__end_of___fltol         text751      0F58
__end_of___lmul          text747      0C97
__end_of__initialization cinit        0ADD
__end_of__stringdata     strings      0854
__end_of__stringtab      strings      0810
__end_of_hw_init         text737      0B9C
__end_of_int_ctrl        text757      0D14
__end_of_int_init        text739      0A65
__end_of_main            maintext     0244
__end_of_strcat          text744      0B0D
__end_of_strcpy          text742      0B6B
__end_of_vfd_data_init   text740      0A99
__end_of_vfd_init        text741      0D9D
__end_of_vfd_write       text745      0BD0
__initialization         cinit        0ABB
__pbssBANK0              bssBANK0     006A
__pbssBANK1              bssBANK1     00A0
__pbssBANK3              bssBANK3     01B2
__pbssCOMMON             bssCOMMON    0070
__pcstackBANK0           cstackBANK0  0020
__pcstackBANK1           cstackBANK1  00E0
__pcstackCOMMON          cstackCOMMON 0075
__pdataBANK3             dataBANK3    0190
__pidataBANK3            idataBANK3   0A99
__pintentry              intentry     0004
__pmaintext              maintext     0013
__pstrings               strings      0800
__ptext737               text737      0B6B
__ptext738               text738      0BD0
__ptext739               text739      0A5D
__ptext740               text740      0A7E
__ptext741               text741      0D14
__ptext742               text742      0B3B
__ptext743               text743      0244
__ptext744               text744      0AE0
__ptext745               text745      0B9C
__ptext746               text746      0C0C
__ptext747               text747      0C4B
__ptext748               text748      0413
__ptext749               text749      0696
__ptext750               text750      0582
__ptext751               text751      0EBC
__ptext752               text752      0B0D
__ptext753               text753      0D9D
__ptext754               text754      0776
__ptext755               text755      0E2A
__ptext756               text756      0F58
__ptext757               text757      0C97
__ptext758               text758      0000
__size_of_Adc_init       (abs)        0000
__size_of_DoubletoAscii  (abs)        0000
__size_of_Power          (abs)        0000
__size_of___aldiv        (abs)        0000
__size_of___almod        (abs)        0000
__size_of___awtofl       (abs)        0000
__size_of___fladd        (abs)        0000
__size_of___fldiv        (abs)        0000
__size_of___flge         (abs)        0000
__size_of___flmul        (abs)        0000
__size_of___flpack       (abs)        0000
__size_of___fltol        (abs)        0000
__size_of___lmul         (abs)        0000
__size_of_hw_init        (abs)        0000
__size_of_int_ctrl       (abs)        0000
__size_of_int_init       (abs)        0000
__size_of_main           (abs)        0000
__size_of_strcat         (abs)        0000
__size_of_strcpy         (abs)        0000
__size_of_vfd_data_init  (abs)        0000
__size_of_vfd_init       (abs)        0000
__size_of_vfd_write      (abs)        0000
__stringdata             strings      0810
__stringtab              strings      0800
_hw_init                 text737      0B6B
_int_ctrl                text757      0C97
_int_init                text739      0A5D
_main                    maintext     0013
_nRBPU                   (abs)        040F
_strcat                  text744      0AE0
_strcpy                  text742      0B3B
_vfd_data_init           text740      0A7E
_vfd_init                text741      0D14
_vfd_write               text745      0B9C
btemp                    (abs)        007E
clear_ram                clrtext      0A65
end_of_initialization    cinit        0ADD
init_fetch               inittext     0A6D
init_ram                 inittext     0A71
interrupt_function       intentry     0004
intlevel0                functab      0000
intlevel1                functab      0000
intlevel2                functab      0000
intlevel3                functab      0000
intlevel4                functab      0000
intlevel5                functab      0000
main@i                   cstackBANK1  00EA
main@sum                 cstackBANK1  00E6
reset_vec                reset_vec    0000
saved_w                  (abs)        007E
start                    init         0011
start_initialization     cinit        0ABB
strcat@cp                cstackBANK0  0023
strcat@from              cstackBANK0  0020
strcat@to                cstackBANK0  0022
strcpy@cp                cstackBANK0  0029
strcpy@from              cstackBANK0  0022
strcpy@to                cstackBANK0  0020
vfd_init@busy_flag       cstackBANK0  002C
vfd_init@i               cstackBANK0  002D
vfd_write@data           cstackBANK0  0022
vfd_write@i              cstackBANK0  0023
vfd_write@txdata         cstackBANK0  0024
wtemp0                   (abs)        007E


FUNCTION INFORMATION:

 *************** function _main *****************
 Defined at:
		line 34 in file "C:\PIC_WorkSpace\AquaTempFan\main.c"
 Parameters:    Size  Location     Type
		None
 Auto vars:     Size  Location     Type
  sum             4    6[BANK1 ] PTR unsigned char 
  i               1   10[BANK1 ] unsigned char 
 Return value:  Size  Location     Type
		None               void
 Registers used:
		wreg, fsr0l, fsr0h, fsr1l, fsr1h, status,2, status,0, btemp+1, pclath, cstack
 Tracked objects:
		On entry : 
		On exit  : 
		Unchanged: 
 Data sizes:     COMMON   BANK0   BANK1   BANK3   BANK2
      Params:         0       0       0       0       0
      Locals:         0       0       5       0       0
      Temps:          0       3       0       0       0
      Totals:         0       3       5       0       0
Total ram usage:        8 bytes
 Hardware stack levels required when called:    4
 This function calls:
		_hw_init
		_int_init
		_vfd_data_init
		_vfd_init
		___awtofl
		___fladd
		___fldiv
		___fltol
		___flmul
		___flge
		_strcpy
		_DoubletoAscii
		_strcat
		_vfd_write
 This function is called by:
		Startup code after reset
 This function uses a non-reentrant model


 *************** function _hw_init *****************
 Defined at:
		line 9 in file "C:\PIC_WorkSpace\AquaTempFan\hw_init.c"
 Parameters:    Size  Location     Type
		None
 Auto vars:     Size  Location     Type
		None
 Return value:  Size  Location     Type
		None               void
 Registers used:
		wreg, fsr0l, fsr0h, status,2, status,0, pclath, cstack
 Tracked objects:
		On entry : 
		On exit  : 
		Unchanged: 
 Data sizes:     COMMON   BANK0   BANK1   BANK3   BANK2
      Params:         0       0       0       0       0
      Locals:         0       0       0       0       0
      Temps:          0       0       0       0       0
      Totals:         0       0       0       0       0
Total ram usage:        0 bytes
 Hardware stack levels used:    1
 Hardware stack levels required when called:    2
 This function calls:
		_Adc_init
 This function is called by:
		_main
 This function uses a non-reentrant model


 *************** function _Adc_init *****************
 Defined at:
		line 23 in file "C:\PIC_WorkSpace\AquaTempFan\ADC_CTRL.C"
 Parameters:    Size  Location     Type
		None
 Auto vars:     Size  Location     Type
  i               1    1[BANK0 ] unsigned char 
 Return value:  Size  Location     Type
		None               void
 Registers used:
		wreg, fsr0l, fsr0h, status,2, status,0
 Tracked objects:
		On entry : 
		On exit  : 
		Unchanged: 
 Data sizes:     COMMON   BANK0   BANK1   BANK3   BANK2
      Params:         0       0       0       0       0
      Locals:         0       1       0       0       0
      Temps:          0       1       0       0       0
      Totals:         0       2       0       0       0
Total ram usage:        2 bytes
 Hardware stack levels used:    1
 Hardware stack levels required when called:    1
 This function calls:
		Nothing
 This function is called by:
		_hw_init
 This function uses a non-reentrant model


 *************** function _int_init *****************
 Defined at:
		line 18 in file "C:\PIC_WorkSpace\AquaTempFan\interrupt_ctrl.c"
 Parameters:    Size  Location     Type
		None
 Auto vars:     Size  Location     Type
		None
 Return value:  Size  Location     Type
		None               void
 Registers used:
		status,2
 Tracked objects:
		On entry : 
		On exit  : 
		Unchanged: 
 Data sizes:     COMMON   BANK0   BANK1   BANK3   BANK2
      Params:         0       0       0       0       0
      Locals:         0       0       0       0       0
      Temps:          0       0       0       0       0
      Totals:         0       0       0       0       0
Total ram usage:        0 bytes
 Hardware stack levels used:    1
 Hardware stack levels required when called:    1
 This function calls:
		Nothing
 This function is called by:
		_main
 This function uses a non-reentrant model


 *************** function _vfd_data_init *****************
 Defined at:
		line 13 in file "C:\PIC_WorkSpace\AquaTempFan\vfd_data.c"
 Parameters:    Size  Location     Type
		None
 Auto vars:     Size  Location     Type
  i               1    0        unsigned char 
 Return value:  Size  Location     Type
		None               void
 Registers used:
		wreg, fsr0l, fsr0h, status,2, status,0, btemp+1, pclath, cstack
 Tracked objects:
		On entry : 
		On exit  : 
		Unchanged: 
 Data sizes:     COMMON   BANK0   BANK1   BANK3   BANK2
      Params:         0       0       0       0       0
      Locals:         0       0       0       0       0
      Temps:          0       0       0       0       0
      Totals:         0       0       0       0       0
Total ram usage:        0 bytes
 Hardware stack levels used:    1
 Hardware stack levels required when called:    3
 This function calls:
		_strcpy
 This function is called by:
		_main
 This function uses a non-reentrant model


 *************** function _vfd_init *****************
 Defined at:
		line 25 in file "C:\PIC_WorkSpace\AquaTempFan\vfd_ctrl.c"
 Parameters:    Size  Location     Type
		None
 Auto vars:     Size  Location     Type
  i               1   13[BANK0 ] unsigned char 
  busy_flag       1   12[BANK0 ] unsigned char 
 Return value:  Size  Location     Type
		None               void
 Registers used:
		wreg, fsr0l, fsr0h, status,2, status,0, btemp+1, pclath, cstack
 Tracked objects:
		On entry : 
		On exit  : 
		Unchanged: 
 Data sizes:     COMMON   BANK0   BANK1   BANK3   BANK2
      Params:         0       0       0       0       0
      Locals:         0       2       0       0       0
      Temps:          0       1       0       0       0
      Totals:         0       3       0       0       0
Total ram usage:        3 bytes
 Hardware stack levels used:    1
 Hardware stack levels required when called:    3
 This function calls:
		_vfd_write
		_strcpy
 This function is called by:
		_main
 This function uses a non-reentrant model


 *************** function _strcpy *****************
 Defined at:
		line 10 in file "C:\Program Files\Microchip\xc8\v1.10\sources\strcpy.c"
 Parameters:    Size  Location     Type
  to              2    0[BANK0 ] PTR unsigned char 
		 -> Vfd_Data(33), Upside_Data(17), Downside_Data(17), 
  from            2    2[BANK0 ] PTR const unsigned char 
		 -> STR_5(17), STR_4(17), STR_3(17), STR_2(17), 
		 -> STR_1(17), Upside_Data(17), Rly_str(34), 
 Auto vars:     Size  Location     Type
  cp              2    9[BANK0 ] PTR unsigned char 
		 -> Vfd_Data(33), Upside_Data(17), Downside_Data(17), 
 Return value:  Size  Location     Type
                  2    wreg      PTR unsigned char 
 Registers used:
		wreg, fsr0l, fsr0h, status,2, status,0, btemp+1, pclath
 Tracked objects:
		On entry : 
		On exit  : 
		Unchanged: 
 Data sizes:     COMMON   BANK0   BANK1   BANK3   BANK2
      Params:         0       4       0       0       0
      Locals:         0       2       0       0       0
      Temps:          0       5       0       0       0
      Totals:         0      11       0       0       0
Total ram usage:       11 bytes
 Hardware stack levels used:    2
 Hardware stack levels required when called:    1
 This function calls:
		Nothing
 This function is called by:
		_main
		_vfd_init
		_vfd_data_init
 This function uses a non-reentrant model


 *************** function _DoubletoAscii *****************
 Defined at:
		line 117 in file "C:\PIC_WorkSpace\AquaTempFan\vfd_ctrl.c"
 Parameters:    Size  Location     Type
  data            4   64[BANK0 ] PTR unsigned char 
  ascii           1   68[BANK0 ] PTR unsigned char 
		 -> Upside_Data(17), 
 Auto vars:     Size  Location     Type
  int_data        2    2[BANK1 ] int 
  i               1    5[BANK1 ] unsigned char 
  dec             1    4[BANK1 ] unsigned char 
  databuf         1    1[BANK1 ] unsigned char 
  flg             1    0[BANK1 ] unsigned char 
 Return value:  Size  Location     Type
		None               void
 Registers used:
		wreg, fsr0l, fsr0h, status,2, status,0, pclath, cstack
 Tracked objects:
		On entry : 
		On exit  : 
		Unchanged: 
 Data sizes:     COMMON   BANK0   BANK1   BANK3   BANK2
      Params:         0       5       0       0       0
      Locals:         0       0       6       0       0
      Temps:          0       2       0       0       0
      Totals:         0       7       6       0       0
Total ram usage:       13 bytes
 Hardware stack levels used:    1
 Hardware stack levels required when called:    3
 This function calls:
		___flge
		___flmul
		___fladd
		___fltol
		_Power
		___aldiv
		___almod
 This function is called by:
		_main
 This function uses a non-reentrant model


 *************** function _strcat *****************
 Defined at:
		line 10 in file "C:\Program Files\Microchip\xc8\v1.10\sources\strcat.c"
 Parameters:    Size  Location     Type
  to              1    wreg     PTR unsigned char 
		 -> Vfd_Data(33), 
  from            1    0[BANK0 ] PTR const unsigned char 
		 -> Downside_Data(17), 
 Auto vars:     Size  Location     Type
  to              1    2[BANK0 ] PTR unsigned char 
		 -> Vfd_Data(33), 
  cp              1    3[BANK0 ] PTR unsigned char 
		 -> Vfd_Data(33), 
 Return value:  Size  Location     Type
                  1    wreg      PTR unsigned char 
 Registers used:
		wreg, fsr0l, fsr0h, status,2, status,0
 Tracked objects:
		On entry : 
		On exit  : 
		Unchanged: 
 Data sizes:     COMMON   BANK0   BANK1   BANK3   BANK2
      Params:         0       1       0       0       0
      Locals:         0       2       0       0       0
      Temps:          0       1       0       0       0
      Totals:         0       4       0       0       0
Total ram usage:        4 bytes
 Hardware stack levels used:    1
 Hardware stack levels required when called:    1
 This function calls:
		Nothing
 This function is called by:
		_main
 This function uses a non-reentrant model


 *************** function _vfd_write *****************
 Defined at:
		line 67 in file "C:\PIC_WorkSpace\AquaTempFan\vfd_ctrl.c"
 Parameters:    Size  Location     Type
  data            1    wreg     unsigned char 
 Auto vars:     Size  Location     Type
  data            1    2[BANK0 ] unsigned char 
  txdata          1    4[BANK0 ] unsigned char 
  i               1    3[BANK0 ] unsigned char 
 Return value:  Size  Location     Type
		None               void
 Registers used:
		wreg, status,2, status,0
 Tracked objects:
		On entry : 
		On exit  : 
		Unchanged: 
 Data sizes:     COMMON   BANK0   BANK1   BANK3   BANK2
      Params:         0       0       0       0       0
      Locals:         0       3       0       0       0
      Temps:          0       2       0       0       0
      Totals:         0       5       0       0       0
Total ram usage:        5 bytes
 Hardware stack levels used:    1
 Hardware stack levels required when called:    1
 This function calls:
		Nothing
 This function is called by:
		_main
		_vfd_init
 This function uses a non-reentrant model


 *************** function _Power *****************
 Defined at:
		line 7 in file "C:\PIC_WorkSpace\AquaTempFan\sub.c"
 Parameters:    Size  Location     Type
  data            4   13[BANK0 ] long 
  num             1   17[BANK0 ] unsigned char 
 Auto vars:     Size  Location     Type
  result          4   20[BANK0 ] long 
  i               1   19[BANK0 ] unsigned char 
 Return value:  Size  Location     Type
                  4   13[BANK0 ] long 
 Registers used:
		wreg, status,2, status,0, pclath, cstack
 Tracked objects:
		On entry : 
		On exit  : 
		Unchanged: 
 Data sizes:     COMMON   BANK0   BANK1   BANK3   BANK2
      Params:         0       5       0       0       0
      Locals:         0       5       0       0       0
      Temps:          0       1       0       0       0
      Totals:         0      11       0       0       0
Total ram usage:       11 bytes
 Hardware stack levels used:    1
 Hardware stack levels required when called:    2
 This function calls:
		___lmul
 This function is called by:
		_DoubletoAscii
		_InttoAscii
 This function uses a non-reentrant model


 *************** function ___lmul *****************
 Defined at:
		line 3 in file "C:\Program Files\Microchip\xc8\v1.10\sources\lmul.c"
 Parameters:    Size  Location     Type
  multiplier      4    0[BANK0 ] unsigned long 
  multiplicand    4    4[BANK0 ] unsigned long 
 Auto vars:     Size  Location     Type
  product         4    9[BANK0 ] unsigned long 
 Return value:  Size  Location     Type
                  4    0[BANK0 ] unsigned long 
 Registers used:
		wreg, status,2, status,0
 Tracked objects:
		On entry : 
		On exit  : 
		Unchanged: 
 Data sizes:     COMMON   BANK0   BANK1   BANK3   BANK2
      Params:         0       8       0       0       0
      Locals:         0       4       0       0       0
      Temps:          0       1       0       0       0
      Totals:         0      13       0       0       0
Total ram usage:       13 bytes
 Hardware stack levels used:    1
 Hardware stack levels required when called:    1
 This function calls:
		Nothing
 This function is called by:
		_Power
 This function uses a non-reentrant model


 *************** function ___fladd *****************
 Defined at:
		line 89 in file "C:\Program Files\Microchip\xc8\v1.10\sources\fladd.c"
 Parameters:    Size  Location     Type
  f1              4   37[BANK0 ] unsigned long 
  f2              4   41[BANK0 ] unsigned long 
 Auto vars:     Size  Location     Type
  exp1            1   52[BANK0 ] unsigned char 
  exp2            1   51[BANK0 ] unsigned char 
  sign            1   50[BANK0 ] unsigned char 
 Return value:  Size  Location     Type
                  4   37[BANK0 ] unsigned char 
 Registers used:
		wreg, status,2, status,0, pclath, cstack
 Tracked objects:
		On entry : 
		On exit  : 
		Unchanged: 
 Data sizes:     COMMON   BANK0   BANK1   BANK3   BANK2
      Params:         0       8       0       0       0
      Locals:         0       3       0       0       0
      Temps:          0       5       0       0       0
      Totals:         0      16       0       0       0
Total ram usage:       16 bytes
 Hardware stack levels used:    1
 Hardware stack levels required when called:    2
 This function calls:
		___flpack
 This function is called by:
		_main
		_DoubletoAscii
 This function uses a non-reentrant model


 *************** function ___fldiv *****************
 Defined at:
		line 50 in file "C:\Program Files\Microchip\xc8\v1.10\sources\fldiv.c"
 Parameters:    Size  Location     Type
  f2              4   10[BANK0 ] unsigned char 
  f1              4   14[BANK0 ] unsigned char 
 Auto vars:     Size  Location     Type
  f3              4   23[BANK0 ] unsigned char 
  sign            1   29[BANK0 ] unsigned char 
  exp             1   28[BANK0 ] unsigned char 
  cntr            1   27[BANK0 ] unsigned char 
 Return value:  Size  Location     Type
                  4   10[BANK0 ] unsigned char 
 Registers used:
		wreg, status,2, status,0, pclath, cstack
 Tracked objects:
		On entry : 
		On exit  : 
		Unchanged: 
 Data sizes:     COMMON   BANK0   BANK1   BANK3   BANK2
      Params:         0       8       0       0       0
      Locals:         0       7       0       0       0
      Temps:          0       5       0       0       0
      Totals:         0      20       0       0       0
Total ram usage:       20 bytes
 Hardware stack levels used:    1
 Hardware stack levels required when called:    2
 This function calls:
		___flpack
 This function is called by:
		_main
 This function uses a non-reentrant model


 *************** function ___flmul *****************
 Defined at:
		line 51 in file "C:\Program Files\Microchip\xc8\v1.10\sources\flmul.c"
 Parameters:    Size  Location     Type
  f1              4   17[BANK0 ] unsigned char 
  f2              4   21[BANK0 ] unsigned char 
 Auto vars:     Size  Location     Type
  f3_as_produc    4   31[BANK0 ] unsigned long 
  sign            1   36[BANK0 ] unsigned char 
  cntr            1   35[BANK0 ] unsigned char 
  exp             1   30[BANK0 ] unsigned char 
 Return value:  Size  Location     Type
                  4   17[BANK0 ] unsigned char 
 Registers used:
		wreg, status,2, status,0, pclath, cstack
 Tracked objects:
		On entry : 
		On exit  : 
		Unchanged: 
 Data sizes:     COMMON   BANK0   BANK1   BANK3   BANK2
      Params:         0       8       0       0       0
      Locals:         0       7       0       0       0
      Temps:          0       5       0       0       0
      Totals:         0      20       0       0       0
Total ram usage:       20 bytes
 Hardware stack levels used:    1
 Hardware stack levels required when called:    2
 This function calls:
		___flpack
 This function is called by:
		_main
		_DoubletoAscii
 This function uses a non-reentrant model


 *************** function ___fltol *****************
 Defined at:
		line 44 in file "C:\Program Files\Microchip\xc8\v1.10\sources\fltol.c"
 Parameters:    Size  Location     Type
  f1              4   53[BANK0 ] unsigned char 
 Auto vars:     Size  Location     Type
  exp1            1   63[BANK0 ] unsigned char 
  sign1           1   62[BANK0 ] unsigned char 
 Return value:  Size  Location     Type
                  4   53[BANK0 ] long 
 Registers used:
		wreg, status,2, status,0
 Tracked objects:
		On entry : 
		On exit  : 
		Unchanged: 
 Data sizes:     COMMON   BANK0   BANK1   BANK3   BANK2
      Params:         0       4       0       0       0
      Locals:         0       2       0       0       0
      Temps:          0       5       0       0       0
      Totals:         0      11       0       0       0
Total ram usage:       11 bytes
 Hardware stack levels used:    1
 Hardware stack levels required when called:    1
 This function calls:
		Nothing
 This function is called by:
		_main
		_DoubletoAscii
 This function uses a non-reentrant model


 *************** function ___awtofl *****************
 Defined at:
		line 32 in file "C:\Program Files\Microchip\xc8\v1.10\sources\awtofl.c"
 Parameters:    Size  Location     Type
  c               2   10[BANK0 ] int 
 Auto vars:     Size  Location     Type
  f1              4    0        int 
  sign            1   16[BANK0 ] unsigned char 
 Return value:  Size  Location     Type
                  4   10[BANK0 ] unsigned char 
 Registers used:
		wreg, status,2, status,0, pclath, cstack
 Tracked objects:
		On entry : 
		On exit  : 
		Unchanged: 
 Data sizes:     COMMON   BANK0   BANK1   BANK3   BANK2
      Params:         0       4       0       0       0
      Locals:         0       1       0       0       0
      Temps:          0       2       0       0       0
      Totals:         0       7       0       0       0
Total ram usage:        7 bytes
 Hardware stack levels used:    1
 Hardware stack levels required when called:    2
 This function calls:
		___flpack
 This function is called by:
		_main
 This function uses a non-reentrant model


 *************** function ___flpack *****************
 Defined at:
		line 64 in file "C:\Program Files\Microchip\xc8\v1.10\sources\double.c"
 Parameters:    Size  Location     Type
  arg             4    0[BANK0 ] unsigned long 
  exp             1    4[BANK0 ] unsigned char 
  sign            1    5[BANK0 ] unsigned char 
 Auto vars:     Size  Location     Type
		None
 Return value:  Size  Location     Type
                  4    0[BANK0 ] unsigned char 
 Registers used:
		wreg, status,2, status,0
 Tracked objects:
		On entry : 
		On exit  : 
		Unchanged: 
 Data sizes:     COMMON   BANK0   BANK1   BANK3   BANK2
      Params:         0       6       0       0       0
      Locals:         0       0       0       0       0
      Temps:          0       4       0       0       0
      Totals:         0      10       0       0       0
Total ram usage:       10 bytes
 Hardware stack levels used:    1
 Hardware stack levels required when called:    1
 This function calls:
		Nothing
 This function is called by:
		___fladd
		___fldiv
		___flmul
		___awtofl
 This function uses a non-reentrant model


 *************** function ___flge *****************
 Defined at:
		line 5 in file "C:\Program Files\Microchip\xc8\v1.10\sources\flge.c"
 Parameters:    Size  Location     Type
  ff1             4    0[BANK0 ] unsigned char 
  ff2             4    4[BANK0 ] unsigned char 
 Auto vars:     Size  Location     Type
		None
 Return value:  Size  Location     Type
		None               void
 Registers used:
		wreg, status,2, status,0
 Tracked objects:
		On entry : 
		On exit  : 
		Unchanged: 
 Data sizes:     COMMON   BANK0   BANK1   BANK3   BANK2
      Params:         0       8       0       0       0
      Locals:         0       0       0       0       0
      Temps:          0       8       0       0       0
      Totals:         0      16       0       0       0
Total ram usage:       16 bytes
 Hardware stack levels used:    1
 Hardware stack levels required when called:    1
 This function calls:
		Nothing
 This function is called by:
		_main
		_DoubletoAscii
 This function uses a non-reentrant model


 *************** function ___almod *****************
 Defined at:
		line 5 in file "C:\Program Files\Microchip\xc8\v1.10\sources\almod.c"
 Parameters:    Size  Location     Type
  divisor         4   24[BANK0 ] long 
  dividend        4   28[BANK0 ] long 
 Auto vars:     Size  Location     Type
  sign            1   34[BANK0 ] unsigned char 
  counter         1   33[BANK0 ] unsigned char 
 Return value:  Size  Location     Type
                  4   24[BANK0 ] long 
 Registers used:
		wreg, status,2, status,0
 Tracked objects:
		On entry : 
		On exit  : 
		Unchanged: 
 Data sizes:     COMMON   BANK0   BANK1   BANK3   BANK2
      Params:         0       8       0       0       0
      Locals:         0       2       0       0       0
      Temps:          0       1       0       0       0
      Totals:         0      11       0       0       0
Total ram usage:       11 bytes
 Hardware stack levels used:    1
 Hardware stack levels required when called:    1
 This function calls:
		Nothing
 This function is called by:
		_DoubletoAscii
		_InttoAscii
 This function uses a non-reentrant model


 *************** function ___aldiv *****************
 Defined at:
		line 5 in file "C:\Program Files\Microchip\xc8\v1.10\sources\aldiv.c"
 Parameters:    Size  Location     Type
  divisor         4   24[BANK0 ] long 
  dividend        4   28[BANK0 ] long 
 Auto vars:     Size  Location     Type
  quotient        4   35[BANK0 ] long 
  sign            1   34[BANK0 ] unsigned char 
  counter         1   33[BANK0 ] unsigned char 
 Return value:  Size  Location     Type
                  4   24[BANK0 ] long 
 Registers used:
		wreg, status,2, status,0
 Tracked objects:
		On entry : 
		On exit  : 
		Unchanged: 
 Data sizes:     COMMON   BANK0   BANK1   BANK3   BANK2
      Params:         0       8       0       0       0
      Locals:         0       6       0       0       0
      Temps:          0       1       0       0       0
      Totals:         0      15       0       0       0
Total ram usage:       15 bytes
 Hardware stack levels used:    1
 Hardware stack levels required when called:    1
 This function calls:
		Nothing
 This function is called by:
		_DoubletoAscii
		_InttoAscii
 This function uses a non-reentrant model


 *************** function _int_ctrl *****************
 Defined at:
		line 29 in file "C:\PIC_WorkSpace\AquaTempFan\interrupt_ctrl.c"
 Parameters:    Size  Location     Type
		None
 Auto vars:     Size  Location     Type
		None
 Return value:  Size  Location     Type
		None               void
 Registers used:
		wreg, fsr0l, fsr0h, status,2, status,0
 Tracked objects:
		On entry : 
		On exit  : 
		Unchanged: 
 Data sizes:     COMMON   BANK0   BANK1   BANK3   BANK2
      Params:         0       0       0       0       0
      Locals:         0       0       0       0       0
      Temps:          5       0       0       0       0
      Totals:         5       0       0       0       0
Total ram usage:        5 bytes
 Hardware stack levels used:    1
 This function calls:
		Nothing
 This function is called by:
		Interrupt level 1
 This function uses a non-reentrant model



MODULE INFORMATION

Module		Function		Class		Link	Load	Size
C:\Program Files\Microchip\xc8\v1.10\sources\aldiv.c
		___aldiv       		CODE           	0F58	0000	168

C:\Program Files\Microchip\xc8\v1.10\sources\aldiv.c estimated size: 168

C:\Program Files\Microchip\xc8\v1.10\sources\double.c
		___flpack      		CODE           	0D9D	0000	141

C:\Program Files\Microchip\xc8\v1.10\sources\double.c estimated size: 141

C:\PIC_WorkSpace\AquaTempFan\hw_init.c
		_hw_init       		CODE           	0B6B	0000	49

C:\PIC_WorkSpace\AquaTempFan\hw_init.c estimated size: 49

C:\Program Files\Microchip\xc8\v1.10\sources\fldiv.c
		___fldiv       		CODE           	0696	0000	224

C:\Program Files\Microchip\xc8\v1.10\sources\fldiv.c estimated size: 224

C:\Program Files\Microchip\xc8\v1.10\sources\flmul.c
		___flmul       		CODE           	0582	0000	276

C:\Program Files\Microchip\xc8\v1.10\sources\flmul.c estimated size: 276

C:\Program Files\Microchip\xc8\v1.10\sources\fltol.c
		___fltol       		CODE           	0EBC	0000	156

C:\Program Files\Microchip\xc8\v1.10\sources\fltol.c estimated size: 156

C:\PIC_WorkSpace\AquaTempFan\vfd_ctrl.c
		_vfd_init      		CODE           	0D14	0000	137
		_DoubletoAscii 		CODE           	0244	0000	463
		_vfd_write     		CODE           	0B9C	0000	52

C:\PIC_WorkSpace\AquaTempFan\vfd_ctrl.c estimated size: 652

shared
		__stringtab    		STRING         	0800	0000	16
		__stringdata   		STRING         	0810	0000	68
		__initializatio		CODE           	0ABB	0000	34

shared estimated size: 118

C:\Program Files\Microchip\xc8\v1.10\sources\flge.c
		___flge        		CODE           	0776	0000	138

C:\Program Files\Microchip\xc8\v1.10\sources\flge.c estimated size: 138

C:\PIC_WorkSpace\AquaTempFan\vfd_data.c
		_vfd_data_init 		CODE           	0A7E	0000	27

C:\PIC_WorkSpace\AquaTempFan\vfd_data.c estimated size: 27

C:\Program Files\Microchip\xc8\v1.10\sources\awtofl.c
		___awtofl      		CODE           	0B0D	0000	46

C:\Program Files\Microchip\xc8\v1.10\sources\awtofl.c estimated size: 46

C:\Program Files\Microchip\xc8\v1.10\sources\fladd.c
		___fladd       		CODE           	0413	0000	367

C:\Program Files\Microchip\xc8\v1.10\sources\fladd.c estimated size: 367

C:\PIC_WorkSpace\AquaTempFan\main.c
		_main          		CODE           	0013	0000	561

C:\PIC_WorkSpace\AquaTempFan\main.c estimated size: 561

C:\PIC_WorkSpace\AquaTempFan\ADC_CTRL.C
		_Adc_init      		CODE           	0BD0	0000	60

C:\PIC_WorkSpace\AquaTempFan\ADC_CTRL.C estimated size: 60

C:\Program Files\Microchip\xc8\v1.10\sources\strcat.c
		_strcat        		CODE           	0AE0	0000	45

C:\Program Files\Microchip\xc8\v1.10\sources\strcat.c estimated size: 45

C:\Program Files\Microchip\xc8\v1.10\sources\strcpy.c
		_strcpy        		CODE           	0B3B	0000	48

C:\Program Files\Microchip\xc8\v1.10\sources\strcpy.c estimated size: 48

C:\Program Files\Microchip\xc8\v1.10\sources\lmul.c
		___lmul        		CODE           	0C4B	0000	76

C:\Program Files\Microchip\xc8\v1.10\sources\lmul.c estimated size: 76

C:\Program Files\Microchip\xc8\v1.10\sources\almod.c
		___almod       		CODE           	0E2A	0000	146

C:\Program Files\Microchip\xc8\v1.10\sources\almod.c estimated size: 146

C:\PIC_WorkSpace\AquaTempFan\interrupt_ctrl.c
		_int_ctrl      		CODE           	0C97	0000	125
		_int_init      		CODE           	0A5D	0000	8

C:\PIC_WorkSpace\AquaTempFan\interrupt_ctrl.c estimated size: 133

C:\PIC_WorkSpace\AquaTempFan\sub.c
		_Power         		CODE           	0C0C	0000	63

C:\PIC_WorkSpace\AquaTempFan\sub.c estimated size: 63

